// Jest Snapshot v1, https://goo.gl/fbAQLP

exports[`Pruebas en el archivo GifGridItem.js Debe mostrar el componente correctamente 1`] = `
<div
  className="card animate__animated animate__fadeInUp animate__faster"
>
  <img
    alt="Un titulo"
    src="https://localhost/algo.jpg"
  />
</div>
`;
